Release 14.7 - xst P.20131013 (nt64)
Copyright (c) 1995-2013 Xilinx, Inc.  All rights reserved.
--> Parameter TMPDIR set to xst/projnav.tmp


Total REAL time to Xst completion: 0.00 secs
Total CPU time to Xst completion: 0.10 secs
 
--> Parameter xsthdpdir set to xst


Total REAL time to Xst completion: 0.00 secs
Total CPU time to Xst completion: 0.10 secs
 
--> Reading design: Proc_UC.prj

TABLE OF CONTENTS
  1) Synthesis Options Summary
  2) HDL Parsing
  3) HDL Elaboration
  4) HDL Synthesis
       4.1) HDL Synthesis Report
  5) Advanced HDL Synthesis
       5.1) Advanced HDL Synthesis Report
  6) Low Level Synthesis
  7) Partition Report
  8) Design Summary
       8.1) Primitive and Black Box Usage
       8.2) Device utilization summary
       8.3) Partition Resource Summary
       8.4) Timing Report
            8.4.1) Clock Information
            8.4.2) Asynchronous Control Signals Information
            8.4.3) Timing Summary
            8.4.4) Timing Details
            8.4.5) Cross Clock Domains Report


=========================================================================
*                      Synthesis Options Summary                        *
=========================================================================
---- Source Parameters
Input File Name                    : "Proc_UC.prj"
Ignore Synthesis Constraint File   : NO

---- Target Parameters
Output File Name                   : "Proc_UC"
Output Format                      : NGC
Target Device                      : xc6slx45-2-fgg676

---- Source Options
Top Module Name                    : Proc_UC
Automatic FSM Extraction           : YES
FSM Encoding Algorithm             : Auto
Safe Implementation                : No
FSM Style                          : LUT
RAM Extraction                     : Yes
RAM Style                          : Auto
ROM Extraction                     : Yes
Shift Register Extraction          : YES
ROM Style                          : Auto
Resource Sharing                   : YES
Asynchronous To Synchronous        : NO
Shift Register Minimum Size        : 2
Use DSP Block                      : Auto
Automatic Register Balancing       : No

---- Target Options
LUT Combining                      : Auto
Reduce Control Sets                : Auto
Add IO Buffers                     : YES
Global Maximum Fanout              : 100000
Add Generic Clock Buffer(BUFG)     : 16
Register Duplication               : YES
Optimize Instantiated Primitives   : NO
Use Clock Enable                   : Auto
Use Synchronous Set                : Auto
Use Synchronous Reset              : Auto
Pack IO Registers into IOBs        : Auto
Equivalent register Removal        : YES

---- General Options
Optimization Goal                  : Speed
Optimization Effort                : 1
Power Reduction                    : NO
Keep Hierarchy                     : No
Netlist Hierarchy                  : As_Optimized
RTL Output                         : Yes
Global Optimization                : AllClockNets
Read Cores                         : YES
Write Timing Constraints           : NO
Cross Clock Analysis               : NO
Hierarchy Separator                : /
Bus Delimiter                      : <>
Case Specifier                     : Maintain
Slice Utilization Ratio            : 100
BRAM Utilization Ratio             : 100
DSP48 Utilization Ratio            : 100
Auto BRAM Packing                  : NO
Slice Utilization Ratio Delta      : 5

=========================================================================


=========================================================================
*                          HDL Parsing                                  *
=========================================================================
Parsing VHDL file "D:\LPRS1_git\LPRS1\zbirka\08projektovanje_procesora\8.12\Procesor_CU\Proc_UC.vhd" into library work
Parsing entity <Proc_UC>.
Parsing architecture <Behavioral> of entity <proc_uc>.

=========================================================================
*                            HDL Elaboration                            *
=========================================================================

Elaborating entity <Proc_UC> (architecture <Behavioral>) from library <work>.

=========================================================================
*                           HDL Synthesis                               *
=========================================================================

Synthesizing Unit <Proc_UC>.
    Related source file is "D:\LPRS1_git\LPRS1\zbirka\08projektovanje_procesora\8.12\Procesor_CU\Proc_UC.vhd".
    Found 3-bit register for signal <stateCurrent>.
    Found finite state machine <FSM_0> for signal <stateCurrent>.
    -----------------------------------------------------------------------
    | States             | 8                                              |
    | Transitions        | 10                                             |
    | Inputs             | 2                                              |
    | Outputs            | 8                                              |
    | Clock              | iCLK (rising_edge)                             |
    | Power Up State     | t0                                             |
    | Encoding           | auto                                           |
    | Implementation     | LUT                                            |
    -----------------------------------------------------------------------
    Summary:
	inferred   1 Finite State Machine(s).
Unit <Proc_UC> synthesized.

=========================================================================
HDL Synthesis Report

Macro Statistics
# FSMs                                                 : 1

=========================================================================

=========================================================================
*                       Advanced HDL Synthesis                          *
=========================================================================


=========================================================================
Advanced HDL Synthesis Report

Macro Statistics
# FSMs                                                 : 1

=========================================================================

=========================================================================
*                         Low Level Synthesis                           *
=========================================================================
Analyzing FSM <MFsm> for best encoding.
Optimizing FSM <FSM_0> on signal <stateCurrent[1:8]> with one-hot encoding.
-------------------
 State | Encoding
-------------------
 t0    | 00000001
 t1    | 00000010
 t2    | 00000100
 t3    | 00001000
 t4    | 00100000
 t5    | 00010000
 t6    | 10000000
 t7    | 01000000
-------------------

Optimizing unit <Proc_UC> ...

Mapping all equations...
Building and optimizing final netlist ...
Found area constraint ratio of 100 (+ 5) on block Proc_UC, actual ratio is 0.

Final Macro Processing ...

=========================================================================
Final Register Report

Macro Statistics
# Registers                                            : 8
 Flip-Flops                                            : 8

=========================================================================

=========================================================================
*                           Partition Report                            *
=========================================================================

Partition Implementation Status
-------------------------------

  No Partitions were found in this design.

-------------------------------

=========================================================================
*                            Design Summary                             *
=========================================================================

Top Level Output File Name         : Proc_UC.ngc

Primitive and Black Box Usage:
------------------------------
# BELS                             : 5
#      LUT2                        : 4
#      LUT3                        : 1
# FlipFlops/Latches                : 8
#      FD                          : 8
# Clock Buffers                    : 1
#      BUFGP                       : 1
# IO Buffers                       : 10
#      IBUF                        : 2
#      OBUF                        : 8

Device utilization summary:
---------------------------

Selected Device : 6slx45fgg676-2 


Slice Logic Utilization: 
 Number of Slice Registers:               8  out of  54576     0%  
 Number of Slice LUTs:                    5  out of  27288     0%  
    Number used as Logic:                 5  out of  27288     0%  

Slice Logic Distribution: 
 Number of LUT Flip Flop pairs used:     13
   Number with an unused Flip Flop:       5  out of     13    38%  
   Number with an unused LUT:             8  out of     13    61%  
   Number of fully used LUT-FF pairs:     0  out of     13     0%  
   Number of unique control sets:         1

IO Utilization: 
 Number of IOs:                          11
 Number of bonded IOBs:                  11  out of    358     3%  

Specific Feature Utilization:
 Number of BUFG/BUFGCTRLs:                1  out of     16     6%  

---------------------------
Partition Resource Summary:
---------------------------

  No Partitions were found in this design.

---------------------------


=========================================================================
Timing Report

NOTE: THESE TIMING NUMBERS ARE ONLY A SYNTHESIS ESTIMATE.
      FOR ACCURATE TIMING INFORMATION PLEASE REFER TO THE TRACE REPORT
      GENERATED AFTER PLACE-and-ROUTE.

Clock Information:
------------------
-----------------------------------+------------------------+-------+
Clock Signal                       | Clock buffer(FF name)  | Load  |
-----------------------------------+------------------------+-------+
iCLK                               | BUFGP                  | 8     |
-----------------------------------+------------------------+-------+

Asynchronous Control Signals Information:
----------------------------------------
No asynchronous control signals found in this design

Timing Summary:
---------------
Speed Grade: -2

   Minimum period: 1.683ns (Maximum Frequency: 594.177MHz)
   Minimum input arrival time before clock: 2.591ns
   Maximum output required time after clock: 4.202ns
   Maximum combinational path delay: No path found

Timing Details:
---------------
All values displayed in nanoseconds (ns)

=========================================================================
Timing constraint: Default period analysis for Clock 'iCLK'
  Clock period: 1.683ns (frequency: 594.177MHz)
  Total number of paths / destination ports: 10 / 8
-------------------------------------------------------------------------
Delay:               1.683ns (Levels of Logic = 1)
  Source:            stateCurrent_FSM_FFd2 (FF)
  Destination:       stateCurrent_FSM_FFd7 (FF)
  Source Clock:      iCLK rising
  Destination Clock: iCLK rising

  Data Path: stateCurrent_FSM_FFd2 to stateCurrent_FSM_FFd7
                                Gate     Net
    Cell:in->out      fanout   Delay   Delay  Logical Name (Net Name)
    ----------------------------------------  ------------
     FD:C->Q               2   0.525   0.834  stateCurrent_FSM_FFd2 (stateCurrent_FSM_FFd2)
     LUT3:I1->O            1   0.250   0.000  stateCurrent_FSM_FFd7-In1 (stateCurrent_FSM_FFd7-In)
     FD:D                      0.074          stateCurrent_FSM_FFd7
    ----------------------------------------
    Total                      1.683ns (0.849ns logic, 0.834ns route)
                                       (50.4% logic, 49.6% route)

=========================================================================
Timing constraint: Default OFFSET IN BEFORE for Clock 'iCLK'
  Total number of paths / destination ports: 4 / 4
-------------------------------------------------------------------------
Offset:              2.591ns (Levels of Logic = 2)
  Source:            iX (PAD)
  Destination:       stateCurrent_FSM_FFd7 (FF)
  Destination Clock: iCLK rising

  Data Path: iX to stateCurrent_FSM_FFd7
                                Gate     Net
    Cell:in->out      fanout   Delay   Delay  Logical Name (Net Name)
    ----------------------------------------  ------------
     IBUF:I->O             2   1.328   0.954  iX_IBUF (iX_IBUF)
     LUT3:I0->O            1   0.235   0.000  stateCurrent_FSM_FFd7-In1 (stateCurrent_FSM_FFd7-In)
     FD:D                      0.074          stateCurrent_FSM_FFd7
    ----------------------------------------
    Total                      2.591ns (1.637ns logic, 0.954ns route)
                                       (63.2% logic, 36.8% route)

=========================================================================
Timing constraint: Default OFFSET OUT AFTER for Clock 'iCLK'
  Total number of paths / destination ports: 8 / 8
-------------------------------------------------------------------------
Offset:              4.202ns (Levels of Logic = 1)
  Source:            stateCurrent_FSM_FFd6 (FF)
  Destination:       oState<2> (PAD)
  Source Clock:      iCLK rising

  Data Path: stateCurrent_FSM_FFd6 to oState<2>
                                Gate     Net
    Cell:in->out      fanout   Delay   Delay  Logical Name (Net Name)
    ----------------------------------------  ------------
     FD:C->Q               3   0.525   0.765  stateCurrent_FSM_FFd6 (stateCurrent_FSM_FFd6)
     OBUF:I->O                 2.912          oState_2_OBUF (oState<2>)
    ----------------------------------------
    Total                      4.202ns (3.437ns logic, 0.765ns route)
                                       (81.8% logic, 18.2% route)

=========================================================================

Cross Clock Domains Report:
--------------------------

Clock to Setup on destination clock iCLK
---------------+---------+---------+---------+---------+
               | Src:Rise| Src:Fall| Src:Rise| Src:Fall|
Source Clock   |Dest:Rise|Dest:Rise|Dest:Fall|Dest:Fall|
---------------+---------+---------+---------+---------+
iCLK           |    1.683|         |         |         |
---------------+---------+---------+---------+---------+

=========================================================================


Total REAL time to Xst completion: 5.00 secs
Total CPU time to Xst completion: 4.90 secs
 
--> 

Total memory usage is 257456 kilobytes

Number of errors   :    0 (   0 filtered)
Number of warnings :    0 (   0 filtered)
Number of infos    :    0 (   0 filtered)

