--------------------------------------------------------------------------------
Release 14.7 Trace  (nt64)
Copyright (c) 1995-2013 Xilinx, Inc.  All rights reserved.

C:\Xilinx\14.7\ISE_DS\ISE\bin\nt64\unwrapped\trce.exe -intstyle ise -v 3 -s 2
-n 3 -fastpaths -xml dec3x8.twx dec3x8.ncd -o dec3x8.twr dec3x8.pcf

Design file:              dec3x8.ncd
Physical constraint file: dec3x8.pcf
Device,package,speed:     xc6slx4,tqg144,C,-2 (PRODUCTION 1.23 2013-10-13)
Report level:             verbose report

Environment Variable      Effect 
--------------------      ------ 
NONE                      No environment variables were set
--------------------------------------------------------------------------------

INFO:Timing:2698 - No timing constraints found, doing default enumeration.
INFO:Timing:3412 - To improve timing, see the Timing Closure User Guide (UG612).
INFO:Timing:2752 - To get complete path coverage, use the unconstrained paths 
   option. All paths that are not constrained will be reported in the 
   unconstrained paths section(s) of the report.
INFO:Timing:3339 - The clock-to-out numbers in this timing report are based on 
   a 50 Ohm transmission line loading model.  For the details of this model, 
   and for more information on accounting for different loading conditions, 
   please see the device datasheet.



Data Sheet report:
-----------------
All values displayed in nanoseconds (ns)

Pad to Pad
---------------+---------------+---------+
Source Pad     |Destination Pad|  Delay  |
---------------+---------------+---------+
iA             |oD<0>          |    8.786|
iA             |oD<1>          |    8.920|
iA             |oD<2>          |    9.494|
iA             |oD<3>          |    9.023|
iA             |oD<4>          |    8.962|
iA             |oD<5>          |    9.538|
iA             |oD<6>          |    9.193|
iA             |oD<7>          |    9.491|
iB             |oD<0>          |    8.540|
iB             |oD<1>          |    8.841|
iB             |oD<2>          |    9.248|
iB             |oD<3>          |    8.944|
iB             |oD<4>          |    8.651|
iB             |oD<5>          |    9.161|
iB             |oD<6>          |    8.882|
iB             |oD<7>          |    9.114|
iC             |oD<0>          |    8.162|
iC             |oD<1>          |    8.505|
iC             |oD<2>          |    8.870|
iC             |oD<3>          |    8.608|
iC             |oD<4>          |    8.830|
iC             |oD<5>          |    9.036|
iC             |oD<6>          |    9.061|
iC             |oD<7>          |    8.989|
iE             |oD<0>          |    8.571|
iE             |oD<1>          |    8.942|
iE             |oD<2>          |    9.279|
iE             |oD<3>          |    9.045|
iE             |oD<4>          |    9.253|
iE             |oD<5>          |    9.396|
iE             |oD<6>          |    9.484|
iE             |oD<7>          |    9.349|
---------------+---------------+---------+


Analysis completed Wed Oct 31 10:15:58 2018 
--------------------------------------------------------------------------------

Trace Settings:
-------------------------
Trace Settings 

Peak Memory Usage: 207 MB



